Archive member included because of file (symbol)

c:/program files/atmel/atmel studio 6.0/extensions/atmel/avrgcc/3.4.0.65/avrtoolchain/bin/../lib/gcc/avr32/4.4.3/../../../../avr32/lib/ucr2\libc.a(lib_a-ctype_.o)
                              src/asf/avr32/services/fs/fat/navigation.o (__ctype_ptr)
c:/program files/atmel/atmel studio 6.0/extensions/atmel/avrgcc/3.4.0.65/avrtoolchain/bin/../lib/gcc/avr32/4.4.3/../../../../avr32/lib/ucr2\libc.a(lib_a-memcmp.o)
                              src/asf/avr32/services/fs/fat/fat_unusual.o (memcmp)
c:/program files/atmel/atmel studio 6.0/extensions/atmel/avrgcc/3.4.0.65/avrtoolchain/bin/../lib/gcc/avr32/4.4.3/../../../../avr32/lib/ucr2\libc.a(lib_a-memcpy.o)
                              src/asf/avr32/drivers/flashc/flashc.o (memcpy)
c:/program files/atmel/atmel studio 6.0/extensions/atmel/avrgcc/3.4.0.65/avrtoolchain/bin/../lib/gcc/avr32/4.4.3/../../../../avr32/lib/ucr2\libc.a(lib_a-memset.o)
                              src/asf/avr32/services/fs/fat/fat.o (memset)
c:/program files/atmel/atmel studio 6.0/extensions/atmel/avrgcc/3.4.0.65/avrtoolchain/bin/../lib/gcc/avr32/4.4.3/../../../../avr32/lib/ucr2\libc.a(lib_a-strcmp.o)
                              src/fat_example.o (strcmp)
c:/program files/atmel/atmel studio 6.0/extensions/atmel/avrgcc/3.4.0.65/avrtoolchain/bin/../lib/gcc/avr32/4.4.3/../../../../avr32/lib/ucr2\libc.a(lib_a-strlen.o)
                              src/fat_example.o (strlen)

Allocating common symbols
Common symbol       size              file

g_segment_dest      0xc               src/asf/avr32/services/fs/fat/navigation.o
fs_gu32_addrsector  0x4               src/asf/avr32/services/fs/fat/fat.o
fs_g_nav_entry      0x10              src/asf/avr32/services/fs/fat/fat.o
fs_g_u16_pos_fat    0x2               src/asf/avr32/services/fs/fat/fat.o
data_mem            0x201             src/asf/avr32/components/memory/sd_mmc/sd_mmc_spi/sd_mmc_spi.o
g_b_no_check_disk   0x1               src/asf/avr32/services/fs/fat/fat.o
fs_g_cache_clusterlist
                    0x28              src/asf/avr32/services/fs/fat/fat.o
g_segment_src       0xc               src/asf/avr32/services/fs/fat/navigation.o
fs_g_u32_last_mod_fat
                    0x4               src/asf/avr32/services/fs/fat/fat.o
fs_g_sector         0x200             src/asf/avr32/services/fs/fat/fat.o
capacity            0x8               src/asf/avr32/components/memory/sd_mmc/sd_mmc_spi/sd_mmc_spi.o
fs_g_nav            0x34              src/asf/avr32/services/fs/fat/fat.o
fs_g_u32_first_mod_fat
                    0x4               src/asf/avr32/services/fs/fat/fat.o
fs_g_navext_entry   0x10              src/asf/avr32/services/fs/fat/fat.o
fs_g_navext_fast    0x4               src/asf/avr32/services/fs/fat/fat.o
fs_g_nav_fast       0x4               src/asf/avr32/services/fs/fat/fat.o
fs_g_u8_nav_selected
                    0x1               src/asf/avr32/services/fs/fat/navigation.o
fs_g_status         0x1               src/asf/avr32/services/fs/fat/fat.o
g_b_string_length   0x1               src/asf/avr32/services/fs/fat/fat.o
fs_g_u8_current_cache
                    0x1               src/asf/avr32/services/fs/fat/fat.o
fs_s_u32_size_partition
                    0x4               src/asf/avr32/services/fs/fat/fat_unusual.o
capacity_mult       0x2               src/asf/avr32/components/memory/sd_mmc/sd_mmc_spi/sd_mmc_spi.o
fs_g_navext         0x34              src/asf/avr32/services/fs/fat/fat.o
fs_g_sectorcache    0x14              src/asf/avr32/services/fs/fat/fat.o
g_b_unicode         0x1               src/asf/avr32/services/fs/fat/fat.o
fs_g_cluster        0x8               src/asf/avr32/services/fs/fat/fat.o
fs_g_seg            0x8               src/asf/avr32/services/fs/fat/fat.o
erase_group_size    0x2               src/asf/avr32/components/memory/sd_mmc/sd_mmc_spi/sd_mmc_spi.o
sd_mmc_spi_last_block_address
                    0x4               src/asf/avr32/components/memory/sd_mmc/sd_mmc_spi/sd_mmc_spi.o
r2                  0x2               src/asf/avr32/components/memory/sd_mmc/sd_mmc_spi/sd_mmc_spi.o
card_type           0x1               src/asf/avr32/components/memory/sd_mmc/sd_mmc_spi/sd_mmc_spi.o
csd                 0x10              src/asf/avr32/components/memory/sd_mmc/sd_mmc_spi/sd_mmc_spi.o
r1                  0x1               src/asf/avr32/components/memory/sd_mmc/sd_mmc_spi/sd_mmc_spi.o

Discarded input sections

 .text          0x00000000        0x0 src/asf/avr32/components/memory/sd_mmc/sd_mmc_spi/sd_mmc_spi.o
 .data          0x00000000        0x0 src/asf/avr32/components/memory/sd_mmc/sd_mmc_spi/sd_mmc_spi.o
 .bss           0x00000000        0x0 src/asf/avr32/components/memory/sd_mmc/sd_mmc_spi/sd_mmc_spi.o
 .text.sd_mmc_spi_read_close_PDCA
                0x00000000       0x48 src/asf/avr32/components/memory/sd_mmc/sd_mmc_spi/sd_mmc_spi.o
 .text.sd_mmc_spi_get_status
[...]
Memory Configuration

Name             Origin             Length             Attributes
FLASH            0x80000000         0x00080000         axrl !w
INTRAM           0x00000004         0x0000fffc         axw !rl
USERPAGE         0x80800000         0x00000200
*default*        0x00000000         0xffffffff

Linker script and memory map

                0x00001000                _stack_size = 0x1000
LOAD src/asf/avr32/components/memory/sd_mmc/sd_mmc_spi/sd_mmc_spi.o
LOAD src/asf/avr32/drivers/pdca/pdca.o
LOAD src/asf/avr32/components/memory/sd_mmc/sd_mmc_spi/sd_mmc_spi_mem.o
LOAD src/asf/avr32/boards/evk1100/led.o
LOAD src/asf/avr32/drivers/flashc/flashc.o
LOAD src/asf/avr32/drivers/gpio/gpio.o
LOAD src/asf/avr32/drivers/intc/exception.o
LOAD src/asf/avr32/drivers/intc/intc.o
LOAD src/asf/avr32/drivers/pm/pm.o
LOAD src/asf/avr32/drivers/pm/pm_conf_clocks.o
LOAD src/asf/avr32/drivers/pm/power_clocks_lib.o
LOAD src/asf/avr32/drivers/spi/spi.o
LOAD src/asf/avr32/drivers/usart/usart.o
LOAD src/asf/avr32/services/fs/fat/fat.o
LOAD src/asf/avr32/services/fs/fat/fat_unusual.o
LOAD src/asf/avr32/services/fs/fat/file.o
LOAD src/asf/avr32/services/fs/fat/navigation.o
LOAD src/asf/avr32/utils/debug/print_funcs.o
LOAD src/asf/avr32/utils/startup/startup_uc3.o
LOAD src/asf/avr32/utils/startup/trampoline_uc3.o
LOAD src/asf/common/components/memory/data_flash/at45dbx/_asf_v1/at45dbx.o
LOAD src/asf/common/components/memory/data_flash/at45dbx/_asf_v1/at45dbx_mem.o
LOAD src/asf/common/services/storage/ctrl_access/ctrl_access.o
LOAD src/fat_example.o
START GROUP
LOAD c:/program files/atmel/atmel studio 6.0/extensions/atmel/avrgcc/3.4.0.65/avrtoolchain/bin/../lib/gcc/avr32/4.4.3/../../../../avr32/lib/ucr2\libm.a
END GROUP
LOAD c:/program files/atmel/atmel studio 6.0/extensions/atmel/avrgcc/3.4.0.65/avrtoolchain/bin/../lib/gcc/avr32/4.4.3/ucr2\libgcc.a
LOAD c:/program files/atmel/atmel studio 6.0/extensions/atmel/avrgcc/3.4.0.65/avrtoolchain/bin/../lib/gcc/avr32/4.4.3/../../../../avr32/lib/ucr2\libc.a
LOAD c:/program files/atmel/atmel studio 6.0/extensions/atmel/avrgcc/3.4.0.65/avrtoolchain/bin/../lib/gcc/avr32/4.4.3/ucr2\libgcc.a
                0xffffffff                __max_heap_size__ = 0xffffffff
                [0xffffffff]                __heap_size__ = DEFINED (__heap_size__)?__heap_size__:__max_heap_size__
                [0x00001000]                __stack_size__ = DEFINED (__stack_size__)?__stack_size__:0x1000
                0x80000000                PROVIDE (__executable_start, 0x80000000)
                0x80000000                . = 0x80000000

.interp
 *(.interp)

.reset          0x80000000     0x2004
 *(.reset)
 .reset         0x80000000     0x2004 src/asf/avr32/utils/startup/trampoline_uc3.o
                               0x2008 (size before relaxing)
                0x80000000                _trampoline

.hash
 *(.hash)

.dynsym
 *(.dynsym)

.dynstr
 *(.dynstr)

.gnu.version
 *(.gnu.version)

.gnu.version_d
 *(.gnu.version_d)

.gnu.version_r
 *(.gnu.version_r)

.rel.init
 *(.rel.init)

.rela.init
 *(.rela.init)

.rel.text
 *(.rel.text .rel.text.* .rel.gnu.linkonce.t.*)

.rela.text
 *(.rela.text .rela.text.* .rela.gnu.linkonce.t.*)

.rel.fini
 *(.rel.fini)

.rela.fini
 *(.rela.fini)

.rel.rodata
 *(.rel.rodata .rel.rodata.* .rel.gnu.linkonce.r.*)

.rela.rodata
 *(.rela.rodata .rela.rodata.* .rela.gnu.linkonce.r.*)

.rel.data.rel.ro
 *(.rel.data.rel.ro*)

.rela.data.rel.ro
 *(.rel.data.rel.ro*)

.rel.data
 *(.rel.data .rel.data.* .rel.gnu.linkonce.d.*)

.rela.data
 *(.rela.data .rela.data.* .rela.gnu.linkonce.d.*)

.rel.tdata
 *(.rel.tdata .rel.tdata.* .rel.gnu.linkonce.td.*)

.rela.tdata
 *(.rela.tdata .rela.tdata.* .rela.gnu.linkonce.td.*)

.rel.tbss
 *(.rel.tbss .rel.tbss.* .rel.gnu.linkonce.tb.*)

.rela.tbss
 *(.rela.tbss .rela.tbss.* .rela.gnu.linkonce.tb.*)

.rel.ctors
 *(.rel.ctors)

.rela.ctors
 *(.rela.ctors)

.rel.dtors
 *(.rel.dtors)

.rela.dtors
 *(.rela.dtors)

.rel.got
 *(.rel.got)

.rela.got       0x80002004        0x0
 *(.rela.got)
 .rela.got      0x80002004        0x0 src/asf/avr32/drivers/flashc/flashc.o

.rel.bss
 *(.rel.bss .rel.bss.* .rel.gnu.linkonce.b.*)

.rela.bss
 *(.rela.bss .rela.bss.* .rela.gnu.linkonce.b.*)

.rel.plt
 *(.rel.plt)

.rela.plt
 *(.rela.plt)

.init
 *(.init)

.plt
 *(.plt)

.text           0x80002004     0x66e2
 *(.text .stub .text.* .gnu.linkonce.t.*)
 .text.sd_mmc_spi_get_capacity
                0x80002004      0x11c src/asf/avr32/components/memory/sd_mmc/sd_mmc_spi/sd_mmc_spi.o
                0x80002004                sd_mmc_spi_get_capacity
 .text.sd_mmc_spi_write_close
                0x80002120        0x2 src/asf/avr32/components/memory/sd_mmc/sd_mmc_spi/sd_mmc_spi.o
                0x80002120                sd_mmc_spi_write_close
 *fill*         0x80002122        0x2 d703d703
 .text.sd_mmc_spi_send_and_read
                0x80002124       0x34 src/asf/avr32/components/memory/sd_mmc/sd_mmc_spi/sd_mmc_spi.o
                0x80002124                sd_mmc_spi_send_and_read
 .text.sd_mmc_spi_wait_not_busy
                0x80002158       0x58 src/asf/avr32/components/memory/sd_mmc/sd_mmc_spi/sd_mmc_spi.o
                0x80002158                sd_mmc_spi_wait_not_busy
 .text.sd_mmc_spi_write_open
                0x800021b0       0x18 src/asf/avr32/components/memory/sd_mmc/sd_mmc_spi/sd_mmc_spi.o
                0x800021b0                sd_mmc_spi_write_open
 .text.sd_mmc_spi_read_close
                0x800021c8        0xc src/asf/avr32/components/memory/sd_mmc/sd_mmc_spi/sd_mmc_spi.o
                0x800021c8                sd_mmc_spi_read_close
 .text.sd_mmc_spi_read_open
                0x800021d4       0x18 src/asf/avr32/components/memory/sd_mmc/sd_mmc_spi/sd_mmc_spi.o
                0x800021d4                sd_mmc_spi_read_open
 .text.sd_mmc_spi_command
                0x800021ec       0xc8 src/asf/avr32/components/memory/sd_mmc/sd_mmc_spi/sd_mmc_spi.o
                0x800021ec                sd_mmc_spi_command
 .text.sd_mmc_spi_send_command
                0x800022b4       0x40 src/asf/avr32/components/memory/sd_mmc/sd_mmc_spi/sd_mmc_spi.o
                0x800022b4                sd_mmc_spi_send_command
 .text.sd_mmc_spi_check_presence
                0x800022f4       0x7c src/asf/avr32/components/memory/sd_mmc/sd_mmc_spi/sd_mmc_spi.o
                0x800022f4                sd_mmc_spi_check_presence
 .text.sd_mmc_spi_write_sector_from_ram
                0x80002370      0x14c src/asf/avr32/components/memory/sd_mmc/sd_mmc_spi/sd_mmc_spi.o
                0x80002370                sd_mmc_spi_write_sector_from_ram
 .text.sd_mmc_spi_check_hc
                0x800024bc       0x8c src/asf/avr32/components/memory/sd_mmc/sd_mmc_spi/sd_mmc_spi.o
                0x800024bc                sd_mmc_spi_check_hc
 .text.sd_mmc_spi_get_if
                0x80002548       0xb8 src/asf/avr32/components/memory/sd_mmc/sd_mmc_spi/sd_mmc_spi.o
                0x80002548                sd_mmc_spi_get_if
 .text.sd_mmc_spi_read_sector_to_ram
                0x80002600      0x150 src/asf/avr32/components/memory/sd_mmc/sd_mmc_spi/sd_mmc_spi.o
                0x80002600                sd_mmc_spi_read_sector_to_ram
 .text.sd_mmc_spi_get_csd
                0x80002750       0xf4 src/asf/avr32/components/memory/sd_mmc/sd_mmc_spi/sd_mmc_spi.o
                0x80002750                sd_mmc_spi_get_csd
 .text.sd_mmc_spi_internal_init
                0x80002844      0x2a4 src/asf/avr32/components/memory/sd_mmc/sd_mmc_spi/sd_mmc_spi.o
                0x80002844                sd_mmc_spi_internal_init
 .text.sd_mmc_spi_mem_check
                0x80002ae8       0x28 src/asf/avr32/components/memory/sd_mmc/sd_mmc_spi/sd_mmc_spi.o
                0x80002ae8                sd_mmc_spi_mem_check
 .text.sd_mmc_spi_init
                0x80002b10       0x34 src/asf/avr32/components/memory/sd_mmc/sd_mmc_spi/sd_mmc_spi.o
                0x80002b10                sd_mmc_spi_init
 .text.sd_mmc_spi_wr_protect
                0x80002b44        0x2 src/asf/avr32/components/memory/sd_mmc/sd_mmc_spi/sd_mmc_spi_mem.o
                0x80002b44                sd_mmc_spi_wr_protect
 .text.sd_mmc_spi_removal
                0x80002b46        0x2 src/asf/avr32/components/memory/sd_mmc/sd_mmc_spi/sd_mmc_spi_mem.o
                0x80002b46                sd_mmc_spi_removal
 .text.sd_mmc_spi_test_unit_ready
                0x80002b48       0x6c src/asf/avr32/components/memory/sd_mmc/sd_mmc_spi/sd_mmc_spi_mem.o
                0x80002b48                sd_mmc_spi_test_unit_ready
 .text.sd_mmc_spi_mem_init
                0x80002bb4        0xc src/asf/avr32/components/memory/sd_mmc/sd_mmc_spi/sd_mmc_spi_mem.o
                0x80002bb4                sd_mmc_spi_mem_init
 .text.sd_mmc_spi_ram_2_mem
                0x80002bc0       0x68 src/asf/avr32/components/memory/sd_mmc/sd_mmc_spi/sd_mmc_spi_mem.o
                0x80002bc0                sd_mmc_spi_ram_2_mem
 .text.sd_mmc_spi_mem_2_ram
                0x80002c28       0x68 src/asf/avr32/components/memory/sd_mmc/sd_mmc_spi/sd_mmc_spi_mem.o
                0x80002c28                sd_mmc_spi_mem_2_ram
 .text.sd_mmc_spi_read_capacity
                0x80002c90       0x40 src/asf/avr32/components/memory/sd_mmc/sd_mmc_spi/sd_mmc_spi_mem.o
                0x80002c90                sd_mmc_spi_read_capacity
 .text.LED_On   0x80002cd0       0x50 src/asf/avr32/boards/evk1100/led.o
                0x80002cd0                LED_On
 .text.LED_Off  0x80002d20       0x54 src/asf/avr32/boards/evk1100/led.o
                0x80002d20                LED_Off
 .text.gpio_enable_module_pin
                0x80002d74       0x52 src/asf/avr32/drivers/gpio/gpio.o
                0x80002d74                gpio_enable_module_pin
 *fill*         0x80002dc6        0x2 d703d703
 .text.gpio_enable_module
                0x80002dc8       0x30 src/asf/avr32/drivers/gpio/gpio.o
                0x80002dc8                gpio_enable_module
 .text._get_interrupt_handler
                0x80002df8       0x38 src/asf/avr32/drivers/intc/intc.o
                0x80002df8                _get_interrupt_handler
 .text.pm_set_osc0_mode
                0x80002e30        0xa src/asf/avr32/drivers/pm/pm.o
 *fill*         0x80002e3a        0x2 d703d703
 .text.pm_enable_osc0_crystal
                0x80002e3c       0x3c src/asf/avr32/drivers/pm/pm.o
                0x80002e3c                pm_enable_osc0_crystal
 .text.pm_enable_clk0_no_wait
                0x80002e78       0x10 src/asf/avr32/drivers/pm/pm.o
                0x80002e78                pm_enable_clk0_no_wait
 .text.pm_wait_for_clk0_ready
                0x80002e88        0xa src/asf/avr32/drivers/pm/pm.o
                0x80002e88                pm_wait_for_clk0_ready
 *fill*         0x80002e92        0x2 d703d703
 .text.pm_enable_clk0
                0x80002e94       0x1c src/asf/avr32/drivers/pm/pm.o
                0x80002e94                pm_enable_clk0
 .text.pm_switch_to_clock
                0x80002eb0        0xa src/asf/avr32/drivers/pm/pm.o
                0x80002eb0                pm_switch_to_clock
 *fill*         0x80002eba        0x2 d703d703
 .text.pm_switch_to_osc0
                0x80002ebc       0x2c src/asf/avr32/drivers/pm/pm.o
                0x80002ebc                pm_switch_to_osc0
 .text.pcl_switch_to_osc
                0x80002ee8       0x1c src/asf/avr32/drivers/pm/power_clocks_lib.o
                0x80002ee8                pcl_switch_to_osc
 .text.getBaudDiv
                0x80002f04       0x28 src/asf/avr32/drivers/spi/spi.o
                0x80002f04                getBaudDiv
 .text.spi_initMaster
                0x80002f2c       0x38 src/asf/avr32/drivers/spi/spi.o
                0x80002f2c                spi_initMaster
 .text.spi_selectionMode
                0x80002f64       0x2c src/asf/avr32/drivers/spi/spi.o
                0x80002f64                spi_selectionMode
 .text.spi_selectChip
                0x80002f90       0x4c src/asf/avr32/drivers/spi/spi.o
                0x80002f90                spi_selectChip
 .text.spi_unselectChip
                0x80002fdc       0x26 src/asf/avr32/drivers/spi/spi.o
                0x80002fdc                spi_unselectChip
 *fill*         0x80003002        0x2 d703d703
 .text.spi_setupChipReg
                0x80003004       0xb8 src/asf/avr32/drivers/spi/spi.o
                0x80003004                spi_setupChipReg
 .text.spi_enable
                0x800030bc        0x6 src/asf/avr32/drivers/spi/spi.o
                0x800030bc                spi_enable
 .text.spi_write
                0x800030c2       0x1c src/asf/avr32/drivers/spi/spi.o
                0x800030c2                spi_write
 .text.spi_read
                0x800030de       0x20 src/asf/avr32/drivers/spi/spi.o
                0x800030de                spi_read
 .text.usart_set_async_baudrate
                0x800030fe       0x5a src/asf/avr32/drivers/usart/usart.o
 .text.usart_write_char
                0x80003158       0x14 src/asf/avr32/drivers/usart/usart.o
                0x80003158                usart_write_char
 .text.usart_putchar
                0x8000316c       0x2c src/asf/avr32/drivers/usart/usart.o
                0x8000316c                usart_putchar
 .text.usart_read_char
                0x80003198       0x22 src/asf/avr32/drivers/usart/usart.o
                0x80003198                usart_read_char
 *fill*         0x800031ba        0x2 d703d703
 .text.usart_write_line
                0x800031bc       0x24 src/asf/avr32/drivers/usart/usart.o
                0x800031bc                usart_write_line
 .text.usart_reset
                0x800031e0       0x2c src/asf/avr32/drivers/usart/usart.o
                0x800031e0                usart_reset
 .text.usart_init_rs232
                0x8000320c       0xcc src/asf/avr32/drivers/usart/usart.o
                0x8000320c                usart_init_rs232
 .text.fat_check_open
                0x800032d8       0x20 src/asf/avr32/services/fs/fat/fat.o
                0x800032d8                fat_check_open
 .text.fat_check_select
                0x800032f8       0x20 src/asf/avr32/services/fs/fat/fat.o
                0x800032f8                fat_check_select
 .text.fat_check_is_file
                0x80003318       0x1c src/asf/avr32/services/fs/fat/fat.o
                0x80003318                fat_check_is_file
 .text.fat_checkcluster
                0x80003334       0x60 src/asf/avr32/services/fs/fat/fat.o
                0x80003334                fat_checkcluster
 .text.fat_cache_clusterlist_reset
                0x80003394       0x28 src/asf/avr32/services/fs/fat/fat.o
                0x80003394                fat_cache_clusterlist_reset
 .text.fat_cache_clusterlist_update_start
                0x800033bc       0x40 src/asf/avr32/services/fs/fat/fat.o
                0x800033bc                fat_cache_clusterlist_update_start
 .text.fat_cache_clusterlist_update_select
                0x800033fc       0x68 src/asf/avr32/services/fs/fat/fat.o
                0x800033fc                fat_cache_clusterlist_update_select
 .text.fat_cache_clusterlist_update_finish
                0x80003464       0x58 src/asf/avr32/services/fs/fat/fat.o
                0x80003464                fat_cache_clusterlist_update_finish
 .text.fat_cache_clusterlist_update_read
                0x800034bc      0x124 src/asf/avr32/services/fs/fat/fat.o
                0x800034bc                fat_cache_clusterlist_update_read
 .text.fat_entry_is_dir
                0x800035e0       0x18 src/asf/avr32/services/fs/fat/fat.o
                0x800035e0                fat_entry_is_dir
 .text.fat_clear_entry_info_and_ptr
                0x800035f8       0x3c src/asf/avr32/services/fs/fat/fat.o
                0x800035f8                fat_clear_entry_info_and_ptr
 .text.fat_check_eof_name
                0x80003634       0x26 src/asf/avr32/services/fs/fat/fat.o
                0x80003634                fat_check_eof_name
 *fill*         0x8000365a        0x2 d703d703
 .text.fat_get_ptr_entry
                0x8000365c       0x18 src/asf/avr32/services/fs/fat/fat.o
                0x8000365c                fat_get_ptr_entry
 .text.fat_entry_longname
                0x80003674      0x194 src/asf/avr32/services/fs/fat/fat.o
                0x80003674                fat_entry_longname
 .text.fat_entry_shortname
                0x80003808      0x108 src/asf/avr32/services/fs/fat/fat.o
                0x80003808                fat_entry_shortname
 .text.fat_get_entry_info
                0x80003910       0x48 src/asf/avr32/services/fs/fat/fat.o
                0x80003910                fat_get_entry_info
 .text.fat_entry_check
                0x80003958       0x5c src/asf/avr32/services/fs/fat/fat.o
                0x80003958                fat_entry_check
 .text.fat_cache_reset
                0x800039b4       0x18 src/asf/avr32/services/fs/fat/fat.o
                0x800039b4                fat_cache_reset
 .text.fat_cache_mark_sector_as_dirty
                0x800039cc       0x10 src/asf/avr32/services/fs/fat/fat.o
                0x800039cc                fat_cache_mark_sector_as_dirty
 .text.fat_write_entry_file
                0x800039dc       0x50 src/asf/avr32/services/fs/fat/fat.o
                0x800039dc                fat_write_entry_file
 .text.fat_check_nav_access_disk
                0x80003a2c       0x44 src/asf/avr32/services/fs/fat/fat.o
                0x80003a2c                fat_check_nav_access_disk
 .text.fat_check_nav_access_file
                0x80003a70       0x78 src/asf/avr32/services/fs/fat/fat.o
                0x80003a70                fat_check_nav_access_file
 .text.fat_copy_nav
                0x80003ae8       0x64 src/asf/avr32/services/fs/fat/fat.o
                0x80003ae8                fat_copy_nav
 .text.fat_invert_nav
                0x80003b4c       0xdc src/asf/avr32/services/fs/fat/fat.o
                0x80003b4c                fat_invert_nav
 .text.fat_cache_flush
                0x80003c28       0x54 src/asf/avr32/services/fs/fat/fat.o
                0x80003c28                fat_cache_flush
 .text.fat_cache_clear
                0x80003c7c       0x18 src/asf/avr32/services/fs/fat/fat.o
                0x80003c7c                fat_cache_clear
 .text.fat_cache_read_sector
                0x80003c94       0x80 src/asf/avr32/services/fs/fat/fat.o
                0x80003c94                fat_cache_read_sector
 .text.fat_cluster_readnext
                0x80003d14       0x94 src/asf/avr32/services/fs/fat/fat.o
                0x80003d14                fat_cluster_readnext
 .text.fat_cluster_val
                0x80003da8      0x244 src/asf/avr32/services/fs/fat/fat.o
                0x80003da8                fat_cluster_val
 .text.fat_cluster_list
                0x80003fec      0x2d0 src/asf/avr32/services/fs/fat/fat.o
                0x80003fec                fat_cluster_list
 .text.fat_read_dir
                0x800042bc       0x84 src/asf/avr32/services/fs/fat/fat.o
                0x800042bc                fat_read_dir
 .text.fat_read_file
                0x80004340       0xdc src/asf/avr32/services/fs/fat/fat.o
                0x80004340                fat_read_file
 .text.fat_write_file
                0x8000441c      0x108 src/asf/avr32/services/fs/fat/fat.o
                0x8000441c                fat_write_file
 .text.fat_check_device
                0x80004524       0xb8 src/asf/avr32/services/fs/fat/fat.o
                0x80004524                fat_check_device
 .text.fat_check_noopen
                0x800045dc       0x3c src/asf/avr32/services/fs/fat/fat.o
                0x800045dc                fat_check_noopen
 .text.fat_check_mount
                0x80004618       0x38 src/asf/avr32/services/fs/fat/fat.o
                0x80004618                fat_check_mount
 .text.fat_check_mount_select
                0x80004650       0x18 src/asf/avr32/services/fs/fat/fat.o
                0x80004650                fat_check_mount_select
 .text.fat_check_mount_select_open
                0x80004668       0x24 src/asf/avr32/services/fs/fat/fat.o
                0x80004668                fat_check_mount_select_open
 .text.fat_check_mount_select_noopen
                0x8000468c       0x24 src/asf/avr32/services/fs/fat/fat.o
                0x8000468c                fat_check_mount_select_noopen
 .text.fat_check_mount_noopen
                0x800046b0       0x18 src/asf/avr32/services/fs/fat/fat.o
                0x800046b0                fat_check_mount_noopen
 .text.fat_select_filesystem
                0x800046c8      0x1b4 src/asf/avr32/services/fs/fat/fat_unusual.o
                0x800046c8                fat_select_filesystem
 .text.fat_translate_char_shortname
                0x8000487c       0x4c src/asf/avr32/services/fs/fat/fat_unusual.o
                0x8000487c                fat_translate_char_shortname
 .text.fat_clear_info_fat_mod
                0x800048c8       0x18 src/asf/avr32/services/fs/fat/fat_unusual.o
                0x800048c8                fat_clear_info_fat_mod
 .text.fat_clear_cluster
                0x800048e0       0x74 src/asf/avr32/services/fs/fat/fat_unusual.o
                0x800048e0                fat_clear_cluster
 .text.fat_update_fat2
                0x80004954       0x74 src/asf/avr32/services/fs/fat/fat_unusual.o
                0x80004954                fat_update_fat2
 .text.fat_initialize_dir
                0x800049c8       0x98 src/asf/avr32/services/fs/fat/fat_unusual.o
                0x800049c8                fat_initialize_dir
 .text.fat_write_MBR
                0x80004a60       0xcc src/asf/avr32/services/fs/fat/fat_unusual.o
                0x80004a60                fat_write_MBR
 .text.fat_create_long_name_entry
                0x80004b2c       0xd0 src/asf/avr32/services/fs/fat/fat_unusual.o
                0x80004b2c                fat_create_long_name_entry
 .text.fat_delete_file
                0x80004bfc       0x74 src/asf/avr32/services/fs/fat/fat_unusual.o
                0x80004bfc                fat_delete_file
 .text.fat_garbage_collector_entry
                0x80004c70       0xc8 src/asf/avr32/services/fs/fat/fat_unusual.o
                0x80004c70                fat_garbage_collector_entry
 .text.fat_initialize_fat
                0x80004d38       0x9c src/asf/avr32/services/fs/fat/fat_unusual.o
                0x80004d38                fat_initialize_fat
 .text.fat_write_fat32_FSInfo
                0x80004dd4       0xa0 src/asf/avr32/services/fs/fat/fat_unusual.o
                0x80004dd4                fat_write_fat32_FSInfo
 .text.fat_allocfreespace
                0x80004e74      0x140 src/asf/avr32/services/fs/fat/fat_unusual.o
                0x80004e74                fat_allocfreespace
 .text.fat_alloc_entry_free
                0x80004fb4       0xb0 src/asf/avr32/services/fs/fat/fat_unusual.o
                0x80004fb4                fat_alloc_entry_free
 .text.fat_write_PBR
                0x80005064      0x198 src/asf/avr32/services/fs/fat/fat_unusual.o
                0x80005064                fat_write_PBR
 .text.fat_check_name
                0x800051fc       0x74 src/asf/avr32/services/fs/fat/fat_unusual.o
                0x800051fc                fat_check_name
 .text.fat_create_short_entry_name
                0x80005270      0x1bc src/asf/avr32/services/fs/fat/fat_unusual.o
                0x80005270                fat_create_short_entry_name
 .text.fat_entry_shortname_compare
                0x8000542c       0x58 src/asf/avr32/services/fs/fat/fat_unusual.o
                0x8000542c                fat_entry_shortname_compare
 .text.fat_find_short_entry_name
                0x80005484       0x78 src/asf/avr32/services/fs/fat/fat_unusual.o
                0x80005484                fat_find_short_entry_name
 .text.fat_create_entry_file_name
                0x800054fc       0xa8 src/asf/avr32/services/fs/fat/fat_unusual.o
                0x800054fc                fat_create_entry_file_name
 .text.fat_read_fat32_FSInfo
                0x800055a4       0x90 src/asf/avr32/services/fs/fat/fat_unusual.o
                0x800055a4                fat_read_fat32_FSInfo
 .text.fat_getfreespace
                0x80005634       0xd0 src/asf/avr32/services/fs/fat/fat_unusual.o
                0x80005634                fat_getfreespace
 .text.fat_clean_zone
                0x80005704       0xc0 src/asf/avr32/services/fs/fat/fat_unusual.o
                0x80005704                fat_clean_zone
 .text.fat_format
                0x800057c4       0x88 src/asf/avr32/services/fs/fat/fat_unusual.o
                0x800057c4                fat_format
 .text.fat_mount
                0x8000584c      0x2fc src/asf/avr32/services/fs/fat/fat_unusual.o
                0x8000584c                fat_mount
 .text.file_load_segment_value
                0x80005b48       0x1c src/asf/avr32/services/fs/fat/file.o
 .text.file_eof
                0x80005b64       0x24 src/asf/avr32/services/fs/fat/file.o
                0x80005b64                file_eof
 .text.file_seek
                0x80005b88       0xb4 src/asf/avr32/services/fs/fat/file.o
                0x80005b88                file_seek
 .text.file_close
                0x80005c3c       0x3c src/asf/avr32/services/fs/fat/file.o
                0x80005c3c                file_close
 .text.file_write
                0x80005c78       0x80 src/asf/avr32/services/fs/fat/file.o
                0x80005c78                file_write
 .text.file_putc
                0x80005cf8       0x70 src/asf/avr32/services/fs/fat/file.o
                0x80005cf8                file_putc
 .text.file_set_eof
                0x80005d68       0x44 src/asf/avr32/services/fs/fat/file.o
                0x80005d68                file_set_eof
 .text.file_getc
                0x80005dac       0x6c src/asf/avr32/services/fs/fat/file.o
                0x80005dac                file_getc
 .text.file_read
                0x80005e18       0xf4 src/asf/avr32/services/fs/fat/file.o
                0x80005e18                file_read
 .text.file_open
                0x80005f0c       0xa0 src/asf/avr32/services/fs/fat/file.o
                0x80005f0c                file_open
 .text.nav_get  0x80005fac        0xc src/asf/avr32/services/fs/fat/navigation.o
                0x80005fac                nav_get
 .text.nav_drive_get
                0x80005fb8        0xc src/asf/avr32/services/fs/fat/navigation.o
                0x80005fb8                nav_drive_get
 .text.nav_drive_getname
                0x80005fc4       0x1c src/asf/avr32/services/fs/fat/navigation.o
                0x80005fc4                nav_drive_getname
 .text.nav_getindex
                0x80005fe0       0x20 src/asf/avr32/services/fs/fat/navigation.o
                0x80005fe0                nav_getindex
 .text.nav_file_lgt
                0x80006000        0xc src/asf/avr32/services/fs/fat/navigation.o
                0x80006000                nav_file_lgt
 .text.nav_file_lgtsector
                0x8000600c       0x10 src/asf/avr32/services/fs/fat/navigation.o
                0x8000600c                nav_file_lgtsector
 .text.nav_file_isdir
                0x8000601c        0xc src/asf/avr32/services/fs/fat/navigation.o
                0x8000601c                nav_file_isdir
 .text.nav_file_name
                0x80006028       0xe4 src/asf/avr32/services/fs/fat/navigation.o
                0x80006028                nav_file_name
 .text.nav_filelist_set
                0x8000610c      0x168 src/asf/avr32/services/fs/fat/navigation.o
                0x8000610c                nav_filelist_set
 .text.nav_filelist_findname
                0x80006274       0x30 src/asf/avr32/services/fs/fat/navigation.o
                0x80006274                nav_filelist_findname
 .text.nav_filelist_reset
                0x800062a4       0x18 src/asf/avr32/services/fs/fat/navigation.o
                0x800062a4                nav_filelist_reset
 .text.nav_file_create
                0x800062bc       0x6c src/asf/avr32/services/fs/fat/navigation.o
                0x800062bc                nav_file_create
 .text.nav_dir_gotoparent
                0x80006328       0xa0 src/asf/avr32/services/fs/fat/navigation.o
                0x80006328                nav_dir_gotoparent
 .text.nav_dir_name
                0x800063c8      0x104 src/asf/avr32/services/fs/fat/navigation.o
                0x800063c8                nav_dir_name
 .text.nav_dir_cd
                0x800064cc       0x40 src/asf/avr32/services/fs/fat/navigation.o
                0x800064cc                nav_dir_cd
 .text.nav_file_del
                0x8000650c       0xac src/asf/avr32/services/fs/fat/navigation.o
                0x8000650c                nav_file_del
 .text.nav_filelist_first
                0x800065b8       0x40 src/asf/avr32/services/fs/fat/navigation.o
                0x800065b8                nav_filelist_first
 .text.nav_filelist_nb
                0x800065f8       0x70 src/asf/avr32/services/fs/fat/navigation.o
                0x800065f8                nav_filelist_nb
 .text.nav_filelist_last
                0x80006668       0x50 src/asf/avr32/services/fs/fat/navigation.o
                0x80006668                nav_filelist_last
 .text.nav_file_rename
                0x800066b8       0x90 src/asf/avr32/services/fs/fat/navigation.o
                0x800066b8                nav_file_rename
 .text.nav_dir_make
                0x80006748       0x90 src/asf/avr32/services/fs/fat/navigation.o
                0x80006748                nav_dir_make
 .text.nav_partition_space
                0x800067d8       0x2c src/asf/avr32/services/fs/fat/navigation.o
                0x800067d8                nav_partition_space
 .text.nav_partition_freespace
                0x80006804       0x28 src/asf/avr32/services/fs/fat/navigation.o
                0x80006804                nav_partition_freespace
 .text.nav_partition_mount
                0x8000682c       0x3c src/asf/avr32/services/fs/fat/navigation.o
                0x8000682c                nav_partition_mount
 .text.nav_dir_root
                0x80006868        0xc src/asf/avr32/services/fs/fat/navigation.o
                0x80006868                nav_dir_root
 .text.nav_partition_type
                0x80006874       0x28 src/asf/avr32/services/fs/fat/navigation.o
                0x80006874                nav_partition_type
 .text.nav_drive_format
                0x8000689c       0x38 src/asf/avr32/services/fs/fat/navigation.o
                0x8000689c                nav_drive_format
 .text.nav_drive_set
                0x800068d4       0x54 src/asf/avr32/services/fs/fat/navigation.o
                0x800068d4                nav_drive_set
 .text.nav_gotoindex
                0x80006928       0x5c src/asf/avr32/services/fs/fat/navigation.o
                0x80006928                nav_gotoindex
 .text.nav_setcwd
                0x80006984      0x1c4 src/asf/avr32/services/fs/fat/navigation.o
                0x80006984                nav_setcwd
 .text.nav_drive_nb
                0x80006b48        0xc src/asf/avr32/services/fs/fat/navigation.o
                0x80006b48                nav_drive_nb
 .text.nav_copy
                0x80006b54       0x28 src/asf/avr32/services/fs/fat/navigation.o
                0x80006b54                nav_copy
 .text.nav_file_copy
                0x80006b7c       0x24 src/asf/avr32/services/fs/fat/navigation.o
                0x80006b7c                nav_file_copy
 .text.nav_select
                0x80006ba0       0x48 src/asf/avr32/services/fs/fat/navigation.o
                0x80006ba0                nav_select
 .text.nav_file_paste_state
                0x80006be8      0x1e0 src/asf/avr32/services/fs/fat/navigation.o
                0x80006be8                nav_file_paste_state
 .text.nav_file_paste_start
                0x80006dc8       0x84 src/asf/avr32/services/fs/fat/navigation.o
                0x80006dc8                nav_file_paste_start
 .text.nav_reset
                0x80006e4c       0x6c src/asf/avr32/services/fs/fat/navigation.o
                0x80006e4c                nav_reset
 .text.print_char
                0x80006eb8        0xc src/asf/avr32/utils/debug/print_funcs.o
                0x80006eb8                print_char
 .text.print    0x80006ec4        0xc src/asf/avr32/utils/debug/print_funcs.o
                0x80006ec4                print
 .text.print_ulong
                0x80006ed0       0x48 src/asf/avr32/utils/debug/print_funcs.o
                0x80006ed0                print_ulong
 .text.print_dbg_ulong
                0x80006f18       0x14 src/asf/avr32/utils/debug/print_funcs.o
                0x80006f18                print_dbg_ulong
 .text.print_dbg
                0x80006f2c       0x14 src/asf/avr32/utils/debug/print_funcs.o
                0x80006f2c                print_dbg
 .text._stext   0x80006f40       0x3c src/asf/avr32/utils/startup/startup_uc3.o
                                 0x50 (size before relaxing)
                0x80006f40                _stext
 .text.at45dbx_chipselect_df
                0x80006f7c       0x28 src/asf/common/components/memory/data_flash/at45dbx/_asf_v1/at45dbx.o
 .text.at45dbx_write_close
                0x80006fa4       0x50 src/asf/common/components/memory/data_flash/at45dbx/_asf_v1/at45dbx.o
                0x80006fa4                at45dbx_write_close
 .text.at45dbx_read_close
                0x80006ff4       0x24 src/asf/common/components/memory/data_flash/at45dbx/_asf_v1/at45dbx.o
                0x80006ff4                at45dbx_read_close
 .text.at45dbx_wait_ready
                0x80007018       0x68 src/asf/common/components/memory/data_flash/at45dbx/_asf_v1/at45dbx.o
 .text.at45dbx_write_open
                0x80007080       0xdc src/asf/common/components/memory/data_flash/at45dbx/_asf_v1/at45dbx.o
                0x80007080                at45dbx_write_open
 .text.at45dbx_write_sector_from_ram
                0x8000715c       0x68 src/asf/common/components/memory/data_flash/at45dbx/_asf_v1/at45dbx.o
                0x8000715c                at45dbx_write_sector_from_ram
 .text.at45dbx_read_open
                0x800071c4       0xb8 src/asf/common/components/memory/data_flash/at45dbx/_asf_v1/at45dbx.o
                0x800071c4                at45dbx_read_open
 .text.at45dbx_read_sector_2_ram
                0x8000727c       0x8c src/asf/common/components/memory/data_flash/at45dbx/_asf_v1/at45dbx.o
                0x8000727c                at45dbx_read_sector_2_ram
 .text.at45dbx_mem_check
                0x80007308       0x60 src/asf/common/components/memory/data_flash/at45dbx/_asf_v1/at45dbx.o
                0x80007308                at45dbx_mem_check
 .text.at45dbx_init
                0x80007368       0x44 src/asf/common/components/memory/data_flash/at45dbx/_asf_v1/at45dbx.o
                0x80007368                at45dbx_init
 .text.at45dbx_read_capacity
                0x800073ac        0x8 src/asf/common/components/memory/data_flash/at45dbx/_asf_v1/at45dbx_mem.o
                0x800073ac                at45dbx_read_capacity
 .text.at45dbx_wr_protect
                0x800073b4        0x2 src/asf/common/components/memory/data_flash/at45dbx/_asf_v1/at45dbx_mem.o
                0x800073b4                at45dbx_wr_protect
 .text.at45dbx_removal
                0x800073b6        0x2 src/asf/common/components/memory/data_flash/at45dbx/_asf_v1/at45dbx_mem.o
                0x800073b6                at45dbx_removal
 .text.at45dbx_ram_2_df
                0x800073b8       0x34 src/asf/common/components/memory/data_flash/at45dbx/_asf_v1/at45dbx_mem.o
                0x800073b8                at45dbx_ram_2_df
 .text.at45dbx_df_2_ram
                0x800073ec       0x34 src/asf/common/components/memory/data_flash/at45dbx/_asf_v1/at45dbx_mem.o
                0x800073ec                at45dbx_df_2_ram
 .text.at45dbx_test_unit_ready
                0x80007420       0x14 src/asf/common/components/memory/data_flash/at45dbx/_asf_v1/at45dbx_mem.o
                0x80007420                at45dbx_test_unit_ready
 .text.get_nb_lun
                0x80007434        0x4 src/asf/common/services/storage/ctrl_access/ctrl_access.o
                0x80007434                get_nb_lun
 .text.mem_test_unit_ready
                0x80007438       0x24 src/asf/common/services/storage/ctrl_access/ctrl_access.o
                0x80007438                mem_test_unit_ready
 .text.mem_read_capacity
                0x8000745c       0x28 src/asf/common/services/storage/ctrl_access/ctrl_access.o
                0x8000745c                mem_read_capacity
 .text.mem_sector_size
                0x80007484        0xa src/asf/common/services/storage/ctrl_access/ctrl_access.o
                0x80007484                mem_sector_size
 *fill*         0x8000748e        0x2 d703d703
 .text.mem_wr_protect
                0x80007490       0x28 src/asf/common/services/storage/ctrl_access/ctrl_access.o
                0x80007490                mem_wr_protect
 .text.mem_name
                0x800074b8       0x24 src/asf/common/services/storage/ctrl_access/ctrl_access.o
                0x800074b8                mem_name
 .text.stream_state
                0x800074dc        0x2 src/asf/common/services/storage/ctrl_access/ctrl_access.o
                0x800074dc                stream_state
 .text.stream_stop
                0x800074de        0x2 src/asf/common/services/storage/ctrl_access/ctrl_access.o
                0x800074de                stream_stop
 .text.ram_2_memory
                0x800074e0       0x50 src/asf/common/services/storage/ctrl_access/ctrl_access.o
                0x800074e0                ram_2_memory
 .text.memory_2_ram
                0x80007530       0x50 src/asf/common/services/storage/ctrl_access/ctrl_access.o
                0x80007530                memory_2_ram
 .text.stream_mem_to_mem
                0x80007580       0x4c src/asf/common/services/storage/ctrl_access/ctrl_access.o
                0x80007580                stream_mem_to_mem
 .text.main     0x800075cc      0xee0 src/fat_example.o
                0x800075cc                main
 .text.memcmp   0x800084ac       0x26 c:/program files/atmel/atmel studio 6.0/extensions/atmel/avrgcc/3.4.0.65/avrtoolchain/bin/../lib/gcc/avr32/4.4.3/../../../../avr32/lib/ucr2\libc.a(lib_a-memcmp.o)
                0x800084ac                memcmp
 .text          0x800084d2      0x148 c:/program files/atmel/atmel studio 6.0/extensions/atmel/avrgcc/3.4.0.65/avrtoolchain/bin/../lib/gcc/avr32/4.4.3/../../../../avr32/lib/ucr2\libc.a(lib_a-memcpy.o)
                0x800084d2                memcpy
 .text.memset   0x8000861a        0xe c:/program files/atmel/atmel studio 6.0/extensions/atmel/avrgcc/3.4.0.65/avrtoolchain/bin/../lib/gcc/avr32/4.4.3/../../../../avr32/lib/ucr2\libc.a(lib_a-memset.o)
                0x8000861a                memset
 .text          0x80008628       0xa8 c:/program files/atmel/atmel studio 6.0/extensions/atmel/avrgcc/3.4.0.65/avrtoolchain/bin/../lib/gcc/avr32/4.4.3/../../../../avr32/lib/ucr2\libc.a(lib_a-strcmp.o)
                0x80008628                strcmp
 .text.strlen   0x800086d0       0x16 c:/program files/atmel/atmel studio 6.0/extensions/atmel/avrgcc/3.4.0.65/avrtoolchain/bin/../lib/gcc/avr32/4.4.3/../../../../avr32/lib/ucr2\libc.a(lib_a-strlen.o)
                0x800086d0                strlen
 *(.text.*personality*)
 *(.gnu.warning)

.exception      0x80008800      0x200
 .exception     0x80008800      0x200 src/asf/avr32/drivers/intc/exception.o
                0x80008800                _evba
                0x80008904                _int0
                0x80008912                _int1
                0x80008920                _int2
                0x8000892e                _int3

.fini
 *(.fini)
                0x80008a00                PROVIDE (__etext, .)
                0x80008a00                PROVIDE (_etext, .)
                0x80008a00                PROVIDE (etext, .)

.rodata         0x80008a00      0xa58
 *(.rodata .rodata.* .gnu.linkonce.r.*)
 .rodata.LED_DESCRIPTOR
                0x80008a00       0x80 src/asf/avr32/boards/evk1100/led.o
 .rodata._int_handler_table
                0x80008a80       0xa0 src/asf/avr32/drivers/intc/intc.o
 .rodata.const_FSI_LeadSig
                0x80008b20        0x4 src/asf/avr32/services/fs/fat/fat_unusual.o
                0x80008b20                const_FSI_LeadSig
 .rodata.fs_s_tab_incorrect_char
                0x80008b24        0x8 src/asf/avr32/services/fs/fat/fat_unusual.o
                0x80008b24                fs_s_tab_incorrect_char
 .rodata.TableFAT12
                0x80008b2c       0x20 src/asf/avr32/services/fs/fat/fat_unusual.o
                0x80008b2c                TableFAT12
 .rodata.const_header_pbr
                0x80008b4c       0x20 src/asf/avr32/services/fs/fat/fat_unusual.o
                0x80008b4c                const_header_pbr
 .rodata.TableFAT16
                0x80008b6c       0x40 src/asf/avr32/services/fs/fat/fat_unusual.o
                0x80008b6c                TableFAT16
 .rodata.const_header_fat12
                0x80008bac        0x4 src/asf/avr32/services/fs/fat/fat_unusual.o
                0x80008bac                const_header_fat12
 .rodata.TableFAT32
                0x80008bb0       0x30 src/asf/avr32/services/fs/fat/fat_unusual.o
                0x80008bb0                TableFAT32
 .rodata.const_header_fat16
                0x80008be0        0x4 src/asf/avr32/services/fs/fat/fat_unusual.o
                0x80008be0                const_header_fat16
 .rodata.const_header_fat32
                0x80008be4        0xc src/asf/avr32/services/fs/fat/fat_unusual.o
                0x80008be4                const_header_fat32
 .rodata.fs_s_execption_char
                0x80008bf0        0x8 src/asf/avr32/services/fs/fat/fat_unusual.o
                0x80008bf0                fs_s_execption_char
 .rodata.const_tail_pbr
                0x80008bf8       0x1c src/asf/avr32/services/fs/fat/fat_unusual.o
                0x80008bf8                const_tail_pbr
 .rodata.const_FSI_StrucSig
                0x80008c14        0x4 src/asf/avr32/services/fs/fat/fat_unusual.o
                0x80008c14                const_FSI_StrucSig
 .rodata.CSWTCH.77
                0x80008c18        0x4 src/asf/avr32/services/fs/fat/navigation.o
 .rodata.lun_desc
                0x80008c1c       0x38 src/asf/common/services/storage/ctrl_access/ctrl_access.o
 .rodata.str1.4
                0x80008c54       0x2f src/asf/common/services/storage/ctrl_access/ctrl_access.o
                                 0x30 (size before relaxing)
 *fill*         0x80008c83        0x1 00
 .rodata.main   0x80008c84       0x48 src/fat_example.o
 .rodata.CSWTCH.69
                0x80008ccc        0xc src/fat_example.o
 .rodata.SD_MMC_SPI_GPIO_MAP.12154
                0x80008cd8        0x8 src/fat_example.o
 .rodata.C.56.12150
                0x80008ce0       0x10 src/fat_example.o
 .rodata.SHL_USART_GPIO_MAP.12143
                0x80008cf0        0x4 src/fat_example.o
 .rodata.SHL_USART_OPTIONS.12144
                0x80008cf4        0xc src/fat_example.o
 .rodata.str1.4
                0x80008d00      0x63c src/fat_example.o
                                0x640 (size before relaxing)
 .rodata.AT45DBX_SPI_GPIO_MAP.12148
                0x8000933c        0x8 src/fat_example.o
 .rodata.C.57.12156
                0x80009344       0x10 src/fat_example.o
 .rodata._ctype_
                0x80009354      0x104 c:/program files/atmel/atmel studio 6.0/extensions/atmel/avrgcc/3.4.0.65/avrtoolchain/bin/../lib/gcc/avr32/4.4.3/../../../../avr32/lib/ucr2\libc.a(lib_a-ctype_.o)
                0x80009354                _ctype_

.rodata1
 *(.rodata1)

.eh_frame_hdr
 *(.eh_frame_hdr)

.eh_frame
 *(.eh_frame)

.gcc_except_table
 *(.gcc_except_table)
 *(.gcc_except_table.*)

.lalign         0x80009458        0x0
                0x80009458                . = ALIGN (0x8)
                0x80009458                PROVIDE (_data_lma, .)
                0x00000004                . = ORIGIN (INTRAM)

.dalign         0x00000004        0x4
                0x00000008                . = ALIGN (0x8)
 *fill*         0x00000004        0x4 00
                0x00000008                PROVIDE (_data, .)

.eh_frame
 *(.eh_frame)

.gcc_except_table
 *(.gcc_except_table)
 *(.gcc_except_table.*)

.tdata
 *(.tdata .tdata.* .gnu.linkonce.td.*)

.tbss
 *(.tbss .tbss.* .gnu.linkonce.tb.*)
 *(.tcommon)
                0x00000008                PROVIDE (__preinit_array_start, ALIGN (0x4))

.preinit_array
 *(.preinit_array)
                0x00000008                PROVIDE (__preinit_array_end, .)
                0x00000008                PROVIDE (__init_array_start, .)

.init_array
 *(.init_array)
                0x00000008                PROVIDE (__init_array_end, .)
                0x00000008                PROVIDE (__fini_array_start, .)

.fini_array
 *(.fini_array)
                0x00000008                PROVIDE (__fini_array_end, .)

.ctors
 *crtbegin*.o(.ctors)
 *(EXCLUDE_FILE(*crtend*.o) .ctors)
 *(SORT(.ctors.*))
 *(.ctors)

.dtors
 *crtbegin*.o(.dtors)
 *(EXCLUDE_FILE(*crtend*.o) .dtors)
 *(SORT(.dtors.*))
 *(.dtors)

.jcr
 *(.jcr)

.data.rel.ro
 *(.data.rel.ro.local)
 *(.data.rel.ro*)

.dynamic
 *(.dynamic)

.got
 *(.got.plt)
 *(.got)

.ramtext
 *(.ramtext .ramtext.*)

.ddalign        0x00000008        0x0 load address 0x80009458
                0x00000008                . = ALIGN (0x8)

.data           0x00000008       0x10 load address 0x80009458
 *(.data .data.* .gnu.linkonce.d.*)
 .data.sd_mmc_spi_presence_status
                0x00000008        0x1 src/asf/avr32/components/memory/sd_mmc/sd_mmc_spi/sd_mmc_spi_mem.o
                0x00000008                sd_mmc_spi_presence_status
 *fill*         0x00000009        0x3 00
 .data.LED_State
                0x0000000c        0x4 src/asf/avr32/boards/evk1100/led.o
 .data.g_id_trans_memtomem
                0x00000010        0x1 src/asf/avr32/services/fs/fat/navigation.o
                0x00000010                g_id_trans_memtomem
 *fill*         0x00000011        0x3 00
 .data.__ctype_ptr
                0x00000014        0x4 c:/program files/atmel/atmel studio 6.0/extensions/atmel/avrgcc/3.4.0.65/avrtoolchain/bin/../lib/gcc/avr32/4.4.3/../../../../avr32/lib/ucr2\libc.a(lib_a-ctype_.o)
                0x00000014                __ctype_ptr
 *(.gnu.linkonce.d.*personality*)

.data1
 *(.data1)

.balign         0x00000018        0x0 load address 0x80009468
                0x00000018                . = ALIGN (0x8)
                0x00000018                PROVIDE (_edata, .)
                0x00000018                PROVIDE (edata, .)
                0x00000018                __bss_start = .

.bss            0x00000018      0x910
 *(.dynbss)
 *(.bss .bss.* .gnu.linkonce.b.*)
 .bss.gl_ptr_mem
                0x00000018        0x4 src/asf/avr32/components/memory/sd_mmc/sd_mmc_spi/sd_mmc_spi.o
 .bss.sd_mmc_opt
                0x0000001c       0x10 src/asf/avr32/components/memory/sd_mmc/sd_mmc_spi/sd_mmc_spi.o
 .bss.sd_mmc_pba_hz
                0x0000002c        0x4 src/asf/avr32/components/memory/sd_mmc/sd_mmc_spi/sd_mmc_spi.o
 .bss.sd_mmc_spi_init_done
                0x00000030        0x1 src/asf/avr32/components/memory/sd_mmc/sd_mmc_spi/sd_mmc_spi.o
                0x00000030                sd_mmc_spi_init_done
 *fill*         0x00000031        0x3 00
 .bss._int_line_handler_table_6
                0x00000034        0x4 src/asf/avr32/drivers/intc/intc.o
 .bss._int_line_handler_table_7
                0x00000038        0x4 src/asf/avr32/drivers/intc/intc.o
 .bss._int_line_handler_table_8
                0x0000003c        0x4 src/asf/avr32/drivers/intc/intc.o
 .bss._int_line_handler_table_9
                0x00000040        0x4 src/asf/avr32/drivers/intc/intc.o
 .bss._int_line_handler_table_10
                0x00000044        0x4 src/asf/avr32/drivers/intc/intc.o
 .bss._int_line_handler_table_11
                0x00000048        0x4 src/asf/avr32/drivers/intc/intc.o
 .bss._int_line_handler_table_12
                0x0000004c        0x4 src/asf/avr32/drivers/intc/intc.o
 .bss._int_line_handler_table_13
                0x00000050        0x4 src/asf/avr32/drivers/intc/intc.o
 .bss._int_line_handler_table_14
                0x00000054        0xc src/asf/avr32/drivers/intc/intc.o
 .bss._int_line_handler_table_15
                0x00000060        0x4 src/asf/avr32/drivers/intc/intc.o
 .bss._int_line_handler_table_16
                0x00000064        0x4 src/asf/avr32/drivers/intc/intc.o
 .bss._int_line_handler_table_17
                0x00000068        0x4 src/asf/avr32/drivers/intc/intc.o
 .bss._int_line_handler_table_18
                0x0000006c        0x4 src/asf/avr32/drivers/intc/intc.o
 .bss._int_line_handler_table_19
                0x00000070        0x4 src/asf/avr32/drivers/intc/intc.o
 .bss._int_line_handler_table_0
                0x00000074        0x4 src/asf/avr32/drivers/intc/intc.o
 .bss._int_line_handler_table_1
                0x00000078       0x2c src/asf/avr32/drivers/intc/intc.o
 .bss._int_line_handler_table_2
                0x000000a4       0x38 src/asf/avr32/drivers/intc/intc.o
 .bss._int_line_handler_table_3
                0x000000dc       0x3c src/asf/avr32/drivers/intc/intc.o
 .bss._int_line_handler_table_4
                0x00000118        0x4 src/asf/avr32/drivers/intc/intc.o
 .bss._int_line_handler_table_5
                0x0000011c        0x4 src/asf/avr32/drivers/intc/intc.o
 .bss.gl_ptr_mem
                0x00000120        0x4 src/asf/common/components/memory/data_flash/at45dbx/_asf_v1/at45dbx.o
 .bss.at45dbx_busy
                0x00000124        0x1 src/asf/common/components/memory/data_flash/at45dbx/_asf_v1/at45dbx.o
 *fill*         0x00000125        0x3 00
 .bss.sector_buf.10698
                0x00000128      0x200 src/asf/common/services/storage/ctrl_access/ctrl_access.o
 .bss.first_ls  0x00000328        0x1 src/fat_example.o
 *fill*         0x00000329        0x3 00
 .bss.str_buff  0x0000032c       0x20 src/fat_example.o
 .bss.cmd       0x0000034c        0x1 src/fat_example.o
 *fill*         0x0000034d        0x3 00
 .bss.par_str2  0x00000350       0x20 src/fat_example.o
 .bss.mark_index.12164
                0x00000370        0xc src/fat_example.o
 .bss.cmd_str   0x0000037c       0x48 src/fat_example.o
 .bss.par_str1  0x000003c4       0x20 src/fat_example.o
 .bss.cmd_type  0x000003e4        0x1 src/fat_example.o
 .bss.i_str     0x000003e5        0x1 src/fat_example.o
 *(COMMON)
 *fill*         0x000003e6        0x2 00
 COMMON         0x000003e8      0x229 src/asf/avr32/components/memory/sd_mmc/sd_mmc_spi/sd_mmc_spi.o
                0x000003e8                data_mem
                0x000005ec                capacity
                0x000005f4                capacity_mult
                0x000005f6                erase_group_size
                0x000005f8                sd_mmc_spi_last_block_address
                0x000005fc                r2
                0x000005fe                card_type
                0x00000600                csd
                0x00000610                r1
 *fill*         0x00000611        0x3 00
 COMMON         0x00000614      0x2f4 src/asf/avr32/services/fs/fat/fat.o
                0x00000614                fs_gu32_addrsector
                0x00000618                fs_g_nav_entry
                0x00000628                fs_g_u16_pos_fat
                0x0000062a                g_b_no_check_disk
                0x0000062c                fs_g_cache_clusterlist
                0x00000654                fs_g_u32_last_mod_fat
                0x00000658                fs_g_sector
                0x00000858                fs_g_nav
                0x0000088c                fs_g_u32_first_mod_fat
                0x00000890                fs_g_navext_entry
                0x000008a0                fs_g_navext_fast
                0x000008a4                fs_g_nav_fast
                0x000008a8                fs_g_status
                0x000008a9                g_b_string_length
                0x000008aa                fs_g_u8_current_cache
                0x000008ac                fs_g_navext
                0x000008e0                fs_g_sectorcache
                0x000008f4                g_b_unicode
                0x000008f8                fs_g_cluster
                0x00000900                fs_g_seg
 COMMON         0x00000908        0x4 src/asf/avr32/services/fs/fat/fat_unusual.o
                0x00000908                fs_s_u32_size_partition
 COMMON         0x0000090c       0x19 src/asf/avr32/services/fs/fat/navigation.o
                0x0000090c                g_segment_dest
                0x00000918                g_segment_src
                0x00000924                fs_g_u8_nav_selected
                0x00000928                . = ALIGN (0x8)
 *fill*         0x00000925        0x3 00
                0x00000928                . = ALIGN (0x8)
                0x00000928                _end = .
                0x00000928                PROVIDE (end, .)
                0x00000928                __heap_start__ = ALIGN (0x8)

.heap           0x00000928     0xe6d8
 *(.heap)
                0x0000e6d8                . = (__heap_size__ == __max_heap_size__)?(((ORIGIN (INTRAM) + 0xfffc) - __stack_size__) - ABSOLUTE (.)):__heap_size__
 *fill*         0x00000928     0xe6d8 00
                0x0000f000                __heap_end__ = .

.stab
 *(.stab)

.stabstr
 *(.stabstr)

.stab.excl
 *(.stab.excl)

.stab.exclstr
 *(.stab.exclstr)

.stab.index
 *(.stab.index)

.stab.indexstr
 *(.stab.indexstr)

.comment        0x00000000       0x30
 *(.comment)
 .comment       0x00000000       0x30 src/asf/avr32/components/memory/sd_mmc/sd_mmc_spi/sd_mmc_spi.o
                                 0x31 (size before relaxing)
 .comment       0x00000000       0x31 src/asf/avr32/components/memory/sd_mmc/sd_mmc_spi/sd_mmc_spi_mem.o
 .comment       0x00000000       0x31 src/asf/avr32/boards/evk1100/led.o
 .comment       0x00000000       0x31 src/asf/avr32/drivers/gpio/gpio.o
 .comment       0x00000000       0x31 src/asf/avr32/drivers/intc/intc.o
 .comment       0x00000000       0x31 src/asf/avr32/drivers/pm/pm.o
 .comment       0x00000000       0x31 src/asf/avr32/drivers/pm/power_clocks_lib.o
 .comment       0x00000000       0x31 src/asf/avr32/drivers/spi/spi.o
 .comment       0x00000000       0x31 src/asf/avr32/drivers/usart/usart.o
 .comment       0x00000000       0x31 src/asf/avr32/services/fs/fat/fat.o
 .comment       0x00000000       0x31 src/asf/avr32/services/fs/fat/fat_unusual.o
 .comment       0x00000000       0x31 src/asf/avr32/services/fs/fat/file.o
 .comment       0x00000000       0x31 src/asf/avr32/services/fs/fat/navigation.o
 .comment       0x00000000       0x31 src/asf/avr32/utils/debug/print_funcs.o
 .comment       0x00000000       0x31 src/asf/common/components/memory/data_flash/at45dbx/_asf_v1/at45dbx.o
 .comment       0x00000000       0x31 src/asf/common/components/memory/data_flash/at45dbx/_asf_v1/at45dbx_mem.o
 .comment       0x00000000       0x31 src/asf/common/services/storage/ctrl_access/ctrl_access.o
 .comment       0x00000000       0x31 src/fat_example.o
 .comment       0x00000000       0x31 c:/program files/atmel/atmel studio 6.0/extensions/atmel/avrgcc/3.4.0.65/avrtoolchain/bin/../lib/gcc/avr32/4.4.3/../../../../avr32/lib/ucr2\libc.a(lib_a-ctype_.o)
 .comment       0x00000000       0x31 c:/program files/atmel/atmel studio 6.0/extensions/atmel/avrgcc/3.4.0.65/avrtoolchain/bin/../lib/gcc/avr32/4.4.3/../../../../avr32/lib/ucr2\libc.a(lib_a-memcmp.o)
 .comment       0x00000000       0x31 c:/program files/atmel/atmel studio 6.0/extensions/atmel/avrgcc/3.4.0.65/avrtoolchain/bin/../lib/gcc/avr32/4.4.3/../../../../avr32/lib/ucr2\libc.a(lib_a-memset.o)
 .comment       0x00000000       0x31 c:/program files/atmel/atmel studio 6.0/extensions/atmel/avrgcc/3.4.0.65/avrtoolchain/bin/../lib/gcc/avr32/4.4.3/../../../../avr32/lib/ucr2\libc.a(lib_a-strlen.o)

.debug
 *(.debug)

.line
 *(.line)

.debug_srcinfo
 *(.debug_srcinfo)

.debug_sfnames
 *(.debug_sfnames)

.debug_aranges  0x00000000      0xe40
 *(.debug_aranges)
 .debug_aranges
                0x00000000       0xf0 src/asf/avr32/components/memory/sd_mmc/sd_mmc_spi/sd_mmc_spi.o
 .debug_aranges
                0x000000f0       0x50 src/asf/avr32/components/memory/sd_mmc/sd_mmc_spi/sd_mmc_spi_mem.o
 .debug_aranges
                0x00000140       0x78 src/asf/avr32/boards/evk1100/led.o
 .debug_aranges
                0x000001b8      0x100 src/asf/avr32/drivers/gpio/gpio.o
 .debug_aranges
                0x000002b8       0x20 src/asf/avr32/drivers/intc/exception.o
 .debug_aranges
                0x000002d8       0x38 src/asf/avr32/drivers/intc/intc.o
 .debug_aranges
                0x00000310      0x190 src/asf/avr32/drivers/pm/pm.o
 .debug_aranges
                0x000004a0       0x40 src/asf/avr32/drivers/pm/power_clocks_lib.o
 .debug_aranges
                0x000004e0       0xa8 src/asf/avr32/drivers/spi/spi.o
 .debug_aranges
                0x00000588       0xe0 src/asf/avr32/drivers/usart/usart.o
 .debug_aranges
                0x00000668      0x160 src/asf/avr32/services/fs/fat/fat.o
 .debug_aranges
                0x000007c8      0x128 src/asf/avr32/services/fs/fat/fat_unusual.o
 .debug_aranges
                0x000008f0       0x98 src/asf/avr32/services/fs/fat/file.o
 .debug_aranges
                0x00000988      0x218 src/asf/avr32/services/fs/fat/navigation.o
 .debug_aranges
                0x00000ba0       0x88 src/asf/avr32/utils/debug/print_funcs.o
 .debug_aranges
                0x00000c28       0x28 src/asf/avr32/utils/startup/startup_uc3.o
 .debug_aranges
                0x00000c50       0x20 src/asf/avr32/utils/startup/trampoline_uc3.o
 .debug_aranges
                0x00000c70       0x88 src/asf/common/components/memory/data_flash/at45dbx/_asf_v1/at45dbx.o
 .debug_aranges
                0x00000cf8       0x48 src/asf/common/components/memory/data_flash/at45dbx/_asf_v1/at45dbx_mem.o
 .debug_aranges
                0x00000d40       0x80 src/asf/common/services/storage/ctrl_access/ctrl_access.o
 .debug_aranges
                0x00000dc0       0x20 src/fat_example.o
 .debug_aranges
                0x00000de0       0x20 c:/program files/atmel/atmel studio 6.0/extensions/atmel/avrgcc/3.4.0.65/avrtoolchain/bin/../lib/gcc/avr32/4.4.3/../../../../avr32/lib/ucr2\libc.a(lib_a-memcmp.o)
 .debug_aranges
                0x00000e00       0x20 c:/program files/atmel/atmel studio 6.0/extensions/atmel/avrgcc/3.4.0.65/avrtoolchain/bin/../lib/gcc/avr32/4.4.3/../../../../avr32/lib/ucr2\libc.a(lib_a-memset.o)
 .debug_aranges
                0x00000e20       0x20 c:/program files/atmel/atmel studio 6.0/extensions/atmel/avrgcc/3.4.0.65/avrtoolchain/bin/../lib/gcc/avr32/4.4.3/../../../../avr32/lib/ucr2\libc.a(lib_a-strlen.o)

.debug_pubnames
                0x00000000     0x26b5
 *(.debug_pubnames)
 .debug_pubnames
                0x00000000      0x3b1 src/asf/avr32/components/memory/sd_mmc/sd_mmc_spi/sd_mmc_spi.o
 .debug_pubnames
                0x000003b1       0xe8 src/asf/avr32/components/memory/sd_mmc/sd_mmc_spi/sd_mmc_spi_mem.o
 .debug_pubnames
                0x00000499       0xf6 src/asf/avr32/boards/evk1100/led.o
 .debug_pubnames
                0x0000058f      0x330 src/asf/avr32/drivers/gpio/gpio.o
 .debug_pubnames
                0x000008bf       0x62 src/asf/avr32/drivers/intc/intc.o
 .debug_pubnames
                0x00000921      0x3ee src/asf/avr32/drivers/pm/pm.o
 .debug_pubnames
                0x00000d0f       0x82 src/asf/avr32/drivers/pm/power_clocks_lib.o
 .debug_pubnames
                0x00000d91      0x178 src/asf/avr32/drivers/spi/spi.o
 .debug_pubnames
                0x00000f09      0x227 src/asf/avr32/drivers/usart/usart.o
 .debug_pubnames
                0x00001130      0x5a8 src/asf/avr32/services/fs/fat/fat.o
 .debug_pubnames
                0x000016d8      0x480 src/asf/avr32/services/fs/fat/fat_unusual.o
 .debug_pubnames
                0x00001b58       0xf8 src/asf/avr32/services/fs/fat/file.o
 .debug_pubnames
                0x00001c50      0x5d8 src/asf/avr32/services/fs/fat/navigation.o
 .debug_pubnames
                0x00002228      0x10f src/asf/avr32/utils/debug/print_funcs.o
 .debug_pubnames
                0x00002337      0x145 src/asf/common/components/memory/data_flash/at45dbx/_asf_v1/at45dbx.o
 .debug_pubnames
                0x0000247c       0x9d src/asf/common/components/memory/data_flash/at45dbx/_asf_v1/at45dbx_mem.o
 .debug_pubnames
                0x00002519       0xfc src/asf/common/services/storage/ctrl_access/ctrl_access.o
 .debug_pubnames
                0x00002615       0x1b src/fat_example.o
 .debug_pubnames
                0x00002630       0x2e c:/program files/atmel/atmel studio 6.0/extensions/atmel/avrgcc/3.4.0.65/avrtoolchain/bin/../lib/gcc/avr32/4.4.3/../../../../avr32/lib/ucr2\libc.a(lib_a-ctype_.o)
 .debug_pubnames
                0x0000265e       0x1d c:/program files/atmel/atmel studio 6.0/extensions/atmel/avrgcc/3.4.0.65/avrtoolchain/bin/../lib/gcc/avr32/4.4.3/../../../../avr32/lib/ucr2\libc.a(lib_a-memcmp.o)
 .debug_pubnames
                0x0000267b       0x1d c:/program files/atmel/atmel studio 6.0/extensions/atmel/avrgcc/3.4.0.65/avrtoolchain/bin/../lib/gcc/avr32/4.4.3/../../../../avr32/lib/ucr2\libc.a(lib_a-memset.o)
 .debug_pubnames
                0x00002698       0x1d c:/program files/atmel/atmel studio 6.0/extensions/atmel/avrgcc/3.4.0.65/avrtoolchain/bin/../lib/gcc/avr32/4.4.3/../../../../avr32/lib/ucr2\libc.a(lib_a-strlen.o)

.debug_info     0x00000000    0x11826
 *(.debug_info .gnu.linkonce.wi.*)
 .debug_info    0x00000000     0x12d4 src/asf/avr32/components/memory/sd_mmc/sd_mmc_spi/sd_mmc_spi.o
 .debug_info    0x000012d4      0x224 src/asf/avr32/components/memory/sd_mmc/sd_mmc_spi/sd_mmc_spi_mem.o
 .debug_info    0x000014f8      0xf01 src/asf/avr32/boards/evk1100/led.o
 .debug_info    0x000023f9      0xb1b src/asf/avr32/drivers/gpio/gpio.o
 .debug_info    0x00002f14       0xab src/asf/avr32/drivers/intc/exception.o
 .debug_info    0x00002fbf      0x5b0 src/asf/avr32/drivers/intc/intc.o
 .debug_info    0x0000356f     0x1a59 src/asf/avr32/drivers/pm/pm.o
 .debug_info    0x00004fc8      0xf89 src/asf/avr32/drivers/pm/power_clocks_lib.o
 .debug_info    0x00005f51     0x108d src/asf/avr32/drivers/spi/spi.o
 .debug_info    0x00006fde     0x1dcd src/asf/avr32/drivers/usart/usart.o
 .debug_info    0x00008dab      0xe72 src/asf/avr32/services/fs/fat/fat.o
 .debug_info    0x00009c1d     0x1148 src/asf/avr32/services/fs/fat/fat_unusual.o
 .debug_info    0x0000ad65      0x6ca src/asf/avr32/services/fs/fat/file.o
 .debug_info    0x0000b42f     0x1181 src/asf/avr32/services/fs/fat/navigation.o
 .debug_info    0x0000c5b0     0x1676 src/asf/avr32/utils/debug/print_funcs.o
 .debug_info    0x0000dc26       0xaa src/asf/avr32/utils/startup/startup_uc3.o
 .debug_info    0x0000dcd0       0xb1 src/asf/avr32/utils/startup/trampoline_uc3.o
 .debug_info    0x0000dd81      0xeb4 src/asf/common/components/memory/data_flash/at45dbx/_asf_v1/at45dbx.o
 .debug_info    0x0000ec35      0x1ce src/asf/common/components/memory/data_flash/at45dbx/_asf_v1/at45dbx_mem.o
 .debug_info    0x0000ee03      0x569 src/asf/common/services/storage/ctrl_access/ctrl_access.o
 .debug_info    0x0000f36c     0x21d9 src/fat_example.o
 .debug_info    0x00011545       0x71 c:/program files/atmel/atmel studio 6.0/extensions/atmel/avrgcc/3.4.0.65/avrtoolchain/bin/../lib/gcc/avr32/4.4.3/../../../../avr32/lib/ucr2\libc.a(lib_a-ctype_.o)
 .debug_info    0x000115b6       0xe5 c:/program files/atmel/atmel studio 6.0/extensions/atmel/avrgcc/3.4.0.65/avrtoolchain/bin/../lib/gcc/avr32/4.4.3/../../../../avr32/lib/ucr2\libc.a(lib_a-memcmp.o)
 .debug_info    0x0001169b       0xcd c:/program files/atmel/atmel studio 6.0/extensions/atmel/avrgcc/3.4.0.65/avrtoolchain/bin/../lib/gcc/avr32/4.4.3/../../../../avr32/lib/ucr2\libc.a(lib_a-memset.o)
 .debug_info    0x00011768       0xbe c:/program files/atmel/atmel studio 6.0/extensions/atmel/avrgcc/3.4.0.65/avrtoolchain/bin/../lib/gcc/avr32/4.4.3/../../../../avr32/lib/ucr2\libc.a(lib_a-strlen.o)

.debug_abbrev   0x00000000     0x28be
 *(.debug_abbrev)
 .debug_abbrev  0x00000000      0x2a4 src/asf/avr32/components/memory/sd_mmc/sd_mmc_spi/sd_mmc_spi.o
 .debug_abbrev  0x000002a4      0x145 src/asf/avr32/components/memory/sd_mmc/sd_mmc_spi/sd_mmc_spi_mem.o
 .debug_abbrev  0x000003e9      0x286 src/asf/avr32/boards/evk1100/led.o
 .debug_abbrev  0x0000066f      0x28b src/asf/avr32/drivers/gpio/gpio.o
 .debug_abbrev  0x000008fa       0x14 src/asf/avr32/drivers/intc/exception.o
 .debug_abbrev  0x0000090e      0x1f2 src/asf/avr32/drivers/intc/intc.o
 .debug_abbrev  0x00000b00      0x2d1 src/asf/avr32/drivers/pm/pm.o
 .debug_abbrev  0x00000dd1      0x1cd src/asf/avr32/drivers/pm/power_clocks_lib.o
 .debug_abbrev  0x00000f9e      0x28e src/asf/avr32/drivers/spi/spi.o
 .debug_abbrev  0x0000122c      0x31e src/asf/avr32/drivers/usart/usart.o
 .debug_abbrev  0x0000154a      0x270 src/asf/avr32/services/fs/fat/fat.o
 .debug_abbrev  0x000017ba      0x20a src/asf/avr32/services/fs/fat/fat_unusual.o
 .debug_abbrev  0x000019c4      0x207 src/asf/avr32/services/fs/fat/file.o
 .debug_abbrev  0x00001bcb      0x22f src/asf/avr32/services/fs/fat/navigation.o
 .debug_abbrev  0x00001dfa      0x19b src/asf/avr32/utils/debug/print_funcs.o
 .debug_abbrev  0x00001f95       0x12 src/asf/avr32/utils/startup/startup_uc3.o
 .debug_abbrev  0x00001fa7       0x14 src/asf/avr32/utils/startup/trampoline_uc3.o
 .debug_abbrev  0x00001fbb      0x248 src/asf/common/components/memory/data_flash/at45dbx/_asf_v1/at45dbx.o
 .debug_abbrev  0x00002203       0xfa src/asf/common/components/memory/data_flash/at45dbx/_asf_v1/at45dbx_mem.o
 .debug_abbrev  0x000022fd      0x176 src/asf/common/services/storage/ctrl_access/ctrl_access.o
 .debug_abbrev  0x00002473      0x258 src/fat_example.o
 .debug_abbrev  0x000026cb       0x59 c:/program files/atmel/atmel studio 6.0/extensions/atmel/avrgcc/3.4.0.65/avrtoolchain/bin/../lib/gcc/avr32/4.4.3/../../../../avr32/lib/ucr2\libc.a(lib_a-ctype_.o)
 .debug_abbrev  0x00002724       0x92 c:/program files/atmel/atmel studio 6.0/extensions/atmel/avrgcc/3.4.0.65/avrtoolchain/bin/../lib/gcc/avr32/4.4.3/../../../../avr32/lib/ucr2\libc.a(lib_a-memcmp.o)
 .debug_abbrev  0x000027b6       0x85 c:/program files/atmel/atmel studio 6.0/extensions/atmel/avrgcc/3.4.0.65/avrtoolchain/bin/../lib/gcc/avr32/4.4.3/../../../../avr32/lib/ucr2\libc.a(lib_a-memset.o)
 .debug_abbrev  0x0000283b       0x83 c:/program files/atmel/atmel studio 6.0/extensions/atmel/avrgcc/3.4.0.65/avrtoolchain/bin/../lib/gcc/avr32/4.4.3/../../../../avr32/lib/ucr2\libc.a(lib_a-strlen.o)

.debug_line     0x00000000     0xb2f1
 *(.debug_line)
 .debug_line    0x00000000      0xae3 src/asf/avr32/components/memory/sd_mmc/sd_mmc_spi/sd_mmc_spi.o
 .debug_line    0x00000ae3      0x85e src/asf/avr32/components/memory/sd_mmc/sd_mmc_spi/sd_mmc_spi_mem.o
 .debug_line    0x00001341      0x78f src/asf/avr32/boards/evk1100/led.o
 .debug_line    0x00001ad0      0x8c1 src/asf/avr32/drivers/gpio/gpio.o
 .debug_line    0x00002391      0x109 src/asf/avr32/drivers/intc/exception.o
 .debug_line    0x0000249a      0x68e src/asf/avr32/drivers/intc/intc.o
 .debug_line    0x00002b28      0x9c4 src/asf/avr32/drivers/pm/pm.o
 .debug_line    0x000034ec      0x6bf src/asf/avr32/drivers/pm/power_clocks_lib.o
 .debug_line    0x00003bab      0x7cc src/asf/avr32/drivers/spi/spi.o
 .debug_line    0x00004377      0x90d src/asf/avr32/drivers/usart/usart.o
 .debug_line    0x00004c84      0xcee src/asf/avr32/services/fs/fat/fat.o
 .debug_line    0x00005972      0xe04 src/asf/avr32/services/fs/fat/fat_unusual.o
 .debug_line    0x00006776      0x9f5 src/asf/avr32/services/fs/fat/file.o
 .debug_line    0x0000716b      0xe83 src/asf/avr32/services/fs/fat/navigation.o
 .debug_line    0x00007fee      0x812 src/asf/avr32/utils/debug/print_funcs.o
 .debug_line    0x00008800       0xf2 src/asf/avr32/utils/startup/startup_uc3.o
 .debug_line    0x000088f2       0x67 src/asf/avr32/utils/startup/trampoline_uc3.o
 .debug_line    0x00008959      0x8ac src/asf/common/components/memory/data_flash/at45dbx/_asf_v1/at45dbx.o
 .debug_line    0x00009205      0x827 src/asf/common/components/memory/data_flash/at45dbx/_asf_v1/at45dbx_mem.o
 .debug_line    0x00009a2c      0x8cb src/asf/common/services/storage/ctrl_access/ctrl_access.o
 .debug_line    0x0000a2f7      0xb02 src/fat_example.o
 .debug_line    0x0000adf9       0x78 c:/program files/atmel/atmel studio 6.0/extensions/atmel/avrgcc/3.4.0.65/avrtoolchain/bin/../lib/gcc/avr32/4.4.3/../../../../avr32/lib/ucr2\libc.a(lib_a-ctype_.o)
 .debug_line    0x0000ae71      0x182 c:/program files/atmel/atmel studio 6.0/extensions/atmel/avrgcc/3.4.0.65/avrtoolchain/bin/../lib/gcc/avr32/4.4.3/../../../../avr32/lib/ucr2\libc.a(lib_a-memcmp.o)
 .debug_line    0x0000aff3      0x17c c:/program files/atmel/atmel studio 6.0/extensions/atmel/avrgcc/3.4.0.65/avrtoolchain/bin/../lib/gcc/avr32/4.4.3/../../../../avr32/lib/ucr2\libc.a(lib_a-memset.o)
 .debug_line    0x0000b16f      0x182 c:/program files/atmel/atmel studio 6.0/extensions/atmel/avrgcc/3.4.0.65/avrtoolchain/bin/../lib/gcc/avr32/4.4.3/../../../../avr32/lib/ucr2\libc.a(lib_a-strlen.o)

.debug_frame    0x00000000     0x2774
 *(.debug_frame)
 .debug_frame   0x00000000      0x364 src/asf/avr32/components/memory/sd_mmc/sd_mmc_spi/sd_mmc_spi.o
 .debug_frame   0x00000364       0xb4 src/asf/avr32/components/memory/sd_mmc/sd_mmc_spi/sd_mmc_spi_mem.o
 .debug_frame   0x00000418       0xf8 src/asf/avr32/boards/evk1100/led.o
 .debug_frame   0x00000510      0x204 src/asf/avr32/drivers/gpio/gpio.o
 .debug_frame   0x00000714       0x64 src/asf/avr32/drivers/intc/intc.o
 .debug_frame   0x00000778      0x390 src/asf/avr32/drivers/pm/pm.o
 .debug_frame   0x00000b08       0x88 src/asf/avr32/drivers/pm/power_clocks_lib.o
 .debug_frame   0x00000b90      0x158 src/asf/avr32/drivers/spi/spi.o
 .debug_frame   0x00000ce8      0x2ac src/asf/avr32/drivers/usart/usart.o
 .debug_frame   0x00000f94      0x434 src/asf/avr32/services/fs/fat/fat.o
 .debug_frame   0x000013c8      0x4fc src/asf/avr32/services/fs/fat/fat_unusual.o
 .debug_frame   0x000018c4      0x1d8 src/asf/avr32/services/fs/fat/file.o
 .debug_frame   0x00001a9c      0x714 src/asf/avr32/services/fs/fat/navigation.o
 .debug_frame   0x000021b0      0x17c src/asf/avr32/utils/debug/print_funcs.o
 .debug_frame   0x0000232c      0x1c0 src/asf/common/components/memory/data_flash/at45dbx/_asf_v1/at45dbx.o
 .debug_frame   0x000024ec       0x90 src/asf/common/components/memory/data_flash/at45dbx/_asf_v1/at45dbx_mem.o
 .debug_frame   0x0000257c      0x138 src/asf/common/services/storage/ctrl_access/ctrl_access.o
 .debug_frame   0x000026b4       0x58 src/fat_example.o
 .debug_frame   0x0000270c       0x28 c:/program files/atmel/atmel studio 6.0/extensions/atmel/avrgcc/3.4.0.65/avrtoolchain/bin/../lib/gcc/avr32/4.4.3/../../../../avr32/lib/ucr2\libc.a(lib_a-memcmp.o)
 .debug_frame   0x00002734       0x20 c:/program files/atmel/atmel studio 6.0/extensions/atmel/avrgcc/3.4.0.65/avrtoolchain/bin/../lib/gcc/avr32/4.4.3/../../../../avr32/lib/ucr2\libc.a(lib_a-memset.o)
 .debug_frame   0x00002754       0x20 c:/program files/atmel/atmel studio 6.0/extensions/atmel/avrgcc/3.4.0.65/avrtoolchain/bin/../lib/gcc/avr32/4.4.3/../../../../avr32/lib/ucr2\libc.a(lib_a-strlen.o)

.debug_str      0x00000000     0x44d1
 *(.debug_str)
 .debug_str     0x00000000      0x75c src/asf/avr32/components/memory/sd_mmc/sd_mmc_spi/sd_mmc_spi.o
                                0x7f8 (size before relaxing)
 .debug_str     0x0000075c      0x150 src/asf/avr32/components/memory/sd_mmc/sd_mmc_spi/sd_mmc_spi_mem.o
                                0x2a6 (size before relaxing)
 .debug_str     0x000008ac      0x396 src/asf/avr32/boards/evk1100/led.o
                                0x4e1 (size before relaxing)
 .debug_str     0x00000c42      0x2fd src/asf/avr32/drivers/gpio/gpio.o
                                0x549 (size before relaxing)
 .debug_str     0x00000f3f      0x37d src/asf/avr32/drivers/intc/intc.o
                                0x49d (size before relaxing)
 .debug_str     0x000012bc      0x7b9 src/asf/avr32/drivers/pm/pm.o
                                0x9b5 (size before relaxing)
 .debug_str     0x00001a75       0xe6 src/asf/avr32/drivers/pm/power_clocks_lib.o
                                0x551 (size before relaxing)
 .debug_str     0x00001b5b      0x1a2 src/asf/avr32/drivers/spi/spi.o
                                0x582 (size before relaxing)
 .debug_str     0x00001cfd      0x758 src/asf/avr32/drivers/usart/usart.o
                                0x91c (size before relaxing)
 .debug_str     0x00002455      0x903 src/asf/avr32/services/fs/fat/fat.o
                                0xad5 (size before relaxing)
 .debug_str     0x00002d58      0x6a2 src/asf/avr32/services/fs/fat/fat_unusual.o
                                0xb01 (size before relaxing)
 .debug_str     0x000033fa      0x1c8 src/asf/avr32/services/fs/fat/file.o
                                0x541 (size before relaxing)
 .debug_str     0x000035c2      0x78b src/asf/avr32/services/fs/fat/navigation.o
                                0xbe0 (size before relaxing)
 .debug_str     0x00003d4d      0x120 src/asf/avr32/utils/debug/print_funcs.o
                                0x652 (size before relaxing)
 .debug_str     0x00003e6d      0x191 src/asf/common/components/memory/data_flash/at45dbx/_asf_v1/at45dbx.o
                                0x585 (size before relaxing)
 .debug_str     0x00003ffe       0xce src/asf/common/components/memory/data_flash/at45dbx/_asf_v1/at45dbx_mem.o
                                0x219 (size before relaxing)
 .debug_str     0x000040cc      0x120 src/asf/common/services/storage/ctrl_access/ctrl_access.o
                                0x2fc (size before relaxing)
 .debug_str     0x000041ec      0x162 src/fat_example.o
                                0x922 (size before relaxing)
 .debug_str     0x0000434e       0x5f c:/program files/atmel/atmel studio 6.0/extensions/atmel/avrgcc/3.4.0.65/avrtoolchain/bin/../lib/gcc/avr32/4.4.3/../../../../avr32/lib/ucr2\libc.a(lib_a-ctype_.o)
                                 0x7c (size before relaxing)
 .debug_str     0x000043ad       0x66 c:/program files/atmel/atmel studio 6.0/extensions/atmel/avrgcc/3.4.0.65/avrtoolchain/bin/../lib/gcc/avr32/4.4.3/../../../../avr32/lib/ucr2\libc.a(lib_a-memcmp.o)
                                 0xfb (size before relaxing)
 .debug_str     0x00004413       0x5f c:/program files/atmel/atmel studio 6.0/extensions/atmel/avrgcc/3.4.0.65/avrtoolchain/bin/../lib/gcc/avr32/4.4.3/../../../../avr32/lib/ucr2\libc.a(lib_a-memset.o)
                                 0xfb (size before relaxing)
 .debug_str     0x00004472       0x5f c:/program files/atmel/atmel studio 6.0/extensions/atmel/avrgcc/3.4.0.65/avrtoolchain/bin/../lib/gcc/avr32/4.4.3/../../../../avr32/lib/ucr2\libc.a(lib_a-strlen.o)
                                0x101 (size before relaxing)

.debug_loc      0x00000000     0x6b52
 *(.debug_loc)
 .debug_loc     0x00000000      0x911 src/asf/avr32/components/memory/sd_mmc/sd_mmc_spi/sd_mmc_spi.o
 .debug_loc     0x00000911      0x131 src/asf/avr32/components/memory/sd_mmc/sd_mmc_spi/sd_mmc_spi_mem.o
 .debug_loc     0x00000a42      0x183 src/asf/avr32/boards/evk1100/led.o
 .debug_loc     0x00000bc5      0x368 src/asf/avr32/drivers/gpio/gpio.o
 .debug_loc     0x00000f2d       0xd3 src/asf/avr32/drivers/intc/intc.o
 .debug_loc     0x00001000      0x559 src/asf/avr32/drivers/pm/pm.o
 .debug_loc     0x00001559      0x12b src/asf/avr32/drivers/pm/power_clocks_lib.o
 .debug_loc     0x00001684      0x39f src/asf/avr32/drivers/spi/spi.o
 .debug_loc     0x00001a23      0x9c5 src/asf/avr32/drivers/usart/usart.o
 .debug_loc     0x000023e8      0xbe2 src/asf/avr32/services/fs/fat/fat.o
 .debug_loc     0x00002fca     0x1397 src/asf/avr32/services/fs/fat/fat_unusual.o
 .debug_loc     0x00004361      0x5c1 src/asf/avr32/services/fs/fat/file.o
 .debug_loc     0x00004922     0x1210 src/asf/avr32/services/fs/fat/navigation.o
 .debug_loc     0x00005b32      0x3bc src/asf/avr32/utils/debug/print_funcs.o
 .debug_loc     0x00005eee      0x359 src/asf/common/components/memory/data_flash/at45dbx/_asf_v1/at45dbx.o
 .debug_loc     0x00006247       0xe8 src/asf/common/components/memory/data_flash/at45dbx/_asf_v1/at45dbx_mem.o
 .debug_loc     0x0000632f      0x3d7 src/asf/common/services/storage/ctrl_access/ctrl_access.o
 .debug_loc     0x00006706      0x3f1 src/fat_example.o
 .debug_loc     0x00006af7       0x3d c:/program files/atmel/atmel studio 6.0/extensions/atmel/avrgcc/3.4.0.65/avrtoolchain/bin/../lib/gcc/avr32/4.4.3/../../../../avr32/lib/ucr2\libc.a(lib_a-memcmp.o)
 .debug_loc     0x00006b34       0x1e c:/program files/atmel/atmel studio 6.0/extensions/atmel/avrgcc/3.4.0.65/avrtoolchain/bin/../lib/gcc/avr32/4.4.3/../../../../avr32/lib/ucr2\libc.a(lib_a-strlen.o)

.debug_macinfo  0x00000000  0x1065f50
 *(.debug_macinfo)
 .debug_macinfo
                0x00000000    0xe9dc3 src/asf/avr32/components/memory/sd_mmc/sd_mmc_spi/sd_mmc_spi.o
 .debug_macinfo
                0x000e9dc3    0xe9c00 src/asf/avr32/components/memory/sd_mmc/sd_mmc_spi/sd_mmc_spi_mem.o
 .debug_macinfo
                0x001d39c3    0xe865f src/asf/avr32/boards/evk1100/led.o
 .debug_macinfo
                0x002bc022    0xe6eed src/asf/avr32/drivers/gpio/gpio.o
 .debug_macinfo
                0x003a2f0f    0xe6f1b src/asf/avr32/drivers/intc/intc.o
 .debug_macinfo
                0x00489e2a    0xe6cd9 src/asf/avr32/drivers/pm/pm.o
 .debug_macinfo
                0x00570b03    0xe6db9 src/asf/avr32/drivers/pm/power_clocks_lib.o
 .debug_macinfo
                0x006578bc    0xe6c9b src/asf/avr32/drivers/spi/spi.o
 .debug_macinfo
                0x0073e557    0xe7080 src/asf/avr32/drivers/usart/usart.o
 .debug_macinfo
                0x008255d7    0xeaf19 src/asf/avr32/services/fs/fat/fat.o
 .debug_macinfo
                0x009104f0    0xeaf1a src/asf/avr32/services/fs/fat/fat_unusual.o
 .debug_macinfo
                0x009fb40a    0xeafbb src/asf/avr32/services/fs/fat/file.o
 .debug_macinfo
                0x00ae63c5    0xeb238 src/asf/avr32/services/fs/fat/navigation.o
 .debug_macinfo
                0x00bd15fd    0xe952b src/asf/avr32/utils/debug/print_funcs.o
 .debug_macinfo
                0x00cbab28    0xe9f73 src/asf/common/components/memory/data_flash/at45dbx/_asf_v1/at45dbx.o
 .debug_macinfo
                0x00da4a9b    0xe96b4 src/asf/common/components/memory/data_flash/at45dbx/_asf_v1/at45dbx_mem.o
 .debug_macinfo
                0x00e8e14f    0xeaf2b src/asf/common/services/storage/ctrl_access/ctrl_access.o
 .debug_macinfo
                0x00f7907a    0xeced6 src/fat_example.o

.debug_weaknames
 *(.debug_weaknames)

.debug_funcnames
 *(.debug_funcnames)

.debug_typenames
 *(.debug_typenames)

.debug_varnames
 *(.debug_varnames)

.stack          0x0000f000     0x1000
                0x0000f000                _stack = .
 *(.stack)
                0x00001000                . = __stack_size__
 *fill*         0x0000f000     0x1000 00
                0x00010000                _estack = .

.userpage
 *(.userpage .userpage.*)

/DISCARD/
 *(.note.GNU-stack)
OUTPUT(FAT_EXAMPLE1.elf elf32-avr32)

.debug_ranges   0x00000000      0xdf8
 .debug_ranges  0x00000000       0xe8 src/asf/avr32/components/memory/sd_mmc/sd_mmc_spi/sd_mmc_spi.o
 .debug_ranges  0x000000e8       0x48 src/asf/avr32/components/memory/sd_mmc/sd_mmc_spi/sd_mmc_spi_mem.o
 .debug_ranges  0x00000130       0x70 src/asf/avr32/boards/evk1100/led.o
 .debug_ranges  0x000001a0       0xf8 src/asf/avr32/drivers/gpio/gpio.o
 .debug_ranges  0x00000298       0x48 src/asf/avr32/drivers/intc/intc.o
 .debug_ranges  0x000002e0      0x188 src/asf/avr32/drivers/pm/pm.o
 .debug_ranges  0x00000468       0x38 src/asf/avr32/drivers/pm/power_clocks_lib.o
 .debug_ranges  0x000004a0       0xa0 src/asf/avr32/drivers/spi/spi.o
 .debug_ranges  0x00000540       0xd8 src/asf/avr32/drivers/usart/usart.o
 .debug_ranges  0x00000618      0x158 src/asf/avr32/services/fs/fat/fat.o
 .debug_ranges  0x00000770      0x120 src/asf/avr32/services/fs/fat/fat_unusual.o
 .debug_ranges  0x00000890       0x90 src/asf/avr32/services/fs/fat/file.o
 .debug_ranges  0x00000920      0x228 src/asf/avr32/services/fs/fat/navigation.o
 .debug_ranges  0x00000b48       0x80 src/asf/avr32/utils/debug/print_funcs.o
 .debug_ranges  0x00000bc8       0x20 src/asf/avr32/utils/startup/startup_uc3.o
 .debug_ranges  0x00000be8       0x80 src/asf/common/components/memory/data_flash/at45dbx/_asf_v1/at45dbx.o
 .debug_ranges  0x00000c68       0x40 src/asf/common/components/memory/data_flash/at45dbx/_asf_v1/at45dbx_mem.o
 .debug_ranges  0x00000ca8       0x78 src/asf/common/services/storage/ctrl_access/ctrl_access.o
 .debug_ranges  0x00000d20       0x90 src/fat_example.o
 .debug_ranges  0x00000db0       0x18 c:/program files/atmel/atmel studio 6.0/extensions/atmel/avrgcc/3.4.0.65/avrtoolchain/bin/../lib/gcc/avr32/4.4.3/../../../../avr32/lib/ucr2\libc.a(lib_a-memcmp.o)
 .debug_ranges  0x00000dc8       0x18 c:/program files/atmel/atmel studio 6.0/extensions/atmel/avrgcc/3.4.0.65/avrtoolchain/bin/../lib/gcc/avr32/4.4.3/../../../../avr32/lib/ucr2\libc.a(lib_a-memset.o)
 .debug_ranges  0x00000de0       0x18 c:/program files/atmel/atmel studio 6.0/extensions/atmel/avrgcc/3.4.0.65/avrtoolchain/bin/../lib/gcc/avr32/4.4.3/../../../../avr32/lib/ucr2\libc.a(lib_a-strlen.o)
